// Jest Snapshot v1, https://goo.gl/fbAQLP

exports[`Renders the <Routes /> Component 1`] = `<LoadingView />`;
